---
source: tests/cli.rs
expression: result
---
[teva] ⚙️ Setting up environment... Done ✔️
[teva]
[teva] [SHA] add bar (1 of 3)
[teva] Changed files: bar.rb spec/bar_spec.rb
[teva] Running tests...
.

Finished in [TIME] seconds (files took [TIME] seconds to load)
1 example, 0 failures

[teva] [SHA] add baz (2 of 3)
[teva] Changed files: baz.rb spec/baz_spec.rb
[teva] Running tests...
.F

Failures:

  1) Baz is expected to eq 2
     Failure/Error: expect(1).to eq(2)

       expected: 2
            got: 1

       (compared using ==)
     # ./spec/baz_spec.rb:6:in `block (2 levels) in <top (required)>'

Finished in [TIME] seconds (files took [TIME] seconds to load)
2 examples, 1 failure

Failed examples:

rspec ./spec/baz_spec.rb:5 # Baz is expected to eq 2

[teva] [SHA] add fizz (3 of 3)
[teva] Changed files: fizz.rb spec/fizz_spec.rb
[teva] Running tests...
.F.

Failures:

  1) Baz is expected to eq 2
     Failure/Error: expect(1).to eq(2)

       expected: 2
            got: 1

       (compared using ==)
     # ./spec/baz_spec.rb:6:in `block (2 levels) in <top (required)>'

Finished in [TIME] seconds (files took [TIME] seconds to load)
3 examples, 1 failure

Failed examples:

rspec ./spec/baz_spec.rb:5 # Baz is expected to eq 2
